--- CROSS-TENANT TESTING START ---
1. Setting up Organizations...
✅ Loaded environment configuration from .env file
[INFO][DatabaseConnection] Initializing database pool: postgres://sprintly_user:***@192.168.0.26:5450/sprintly
[INFO][DatabaseConnection] ✅ Database pool initialized successfully
Org A ID: 270ae4b9-42e8-47ac-951a-314029dd580c
Org B ID: 474e15d6-4805-45ae-8e6b-aa80b3445c83
2. Setting up Isolated Data...
3. Testing Access Isolation...
Fetching projects for Org A...
[INFO][DatabaseConnection] Tenant Filter Applied: SELECT COUNT(*) as total FROM projects p  -> SELECT COUNT(*) as total FROM projects p  WHERE p....
[INFO][DatabaseConnection] Tenant Filter Applied:         SELECT 
          p.project_id, p.project_... ->         SELECT 
          p.project_id, p.project_...
[ERROR][DatabaseConnection] Database query error: Severity.error 42702: column reference "organization_id" is ambiguous
Error: #0      _PgSessionBase._sendAndWaitForQuery (package:postgres/src/v3/connection.dart:87:30)
#1      _PgSessionBase._prepare (package:postgres/src/v3/connection.dart:195:11)
#2      _PgSessionBase.execute (package:postgres/src/v3/connection.dart:171:30)
#3      _PoolConnection.execute (package:postgres/src/pool/pool_impl.dart:298:24)
#4      PoolImplementation.execute.<anonymous closure> (package:postgres/src/pool/pool_impl.dart:63:54)
#5      PoolImplementation.withConnection (package:postgres/src/pool/pool_impl.dart:153:24)
<asynchronous suspension>
#6      DatabaseConnection.query (file:///D:/Flutter%20Projects/Sprintly(saas)/webnox-sprintly-backend-prod/lib/data/database/connection.dart:131:18)
<asynchronous suspension>
#7      ProjectRepository.getAll (file:///D:/Flutter%20Projects/Sprintly(saas)/webnox-sprintly-backend-prod/lib/data/repositories/project_repository.dart:171:23)
<asynchronous suspension>
#8      main.<anonymous closure> (file:///D:/Flutter%20Projects/Sprintly(saas)/webnox-sprintly-backend-prod/test/cross_tenant_test.dart:58:24)
<asynchronous suspension>
#9      runWithTenant.<anonymous closure> (file:///D:/Flutter%20Projects/Sprintly(saas)/webnox-sprintly-backend-prod/test/cross_tenant_test.dart:105:17)
<asynchronous suspension>
#10     main (file:///D:/Flutter%20Projects/Sprintly(saas)/webnox-sprintly-backend-prod/test/cross_tenant_test.dart:56:5)
<asynchronous suspension>

[ERROR][ProjectRepository] Error getting all projects: AppException(DATABASE_ERROR): Database query failed.
Error: AppException(DATABASE_ERROR): Database query failed.
Stack: #0      DatabaseConnection.query (file:///D:/Flutter%20Projects/Sprintly(saas)/webnox-sprintly-backend-prod/lib/data/database/connection.dart:154:7)
<asynchronous suspension>
#1      ProjectRepository.getAll (file:///D:/Flutter%20Projects/Sprintly(saas)/webnox-sprintly-backend-prod/lib/data/repositories/project_repository.dart:171:23)
<asynchronous suspension>
#2      main.<anonymous closure> (file:///D:/Flutter%20Projects/Sprintly(saas)/webnox-sprintly-backend-prod/test/cross_tenant_test.dart:58:24)
<asynchronous suspension>
#3      runWithTenant.<anonymous closure> (file:///D:/Flutter%20Projects/Sprintly(saas)/webnox-sprintly-backend-prod/test/cross_tenant_test.dart:105:17)
<asynchronous suspension>
#4      main (file:///D:/Flutter%20Projects/Sprintly(saas)/webnox-sprintly-backend-prod/test/cross_tenant_test.dart:56:5)
<asynchronous suspension>

--- CROSS-TENANT TESTING FAILED ---
Error: AppException(DATABASE_ERROR): Database query failed.
#0      DatabaseConnection.query (file:///D:/Flutter%20Projects/Sprintly(saas)/webnox-sprintly-backend-prod/lib/data/database/connection.dart:154:7)
<asynchronous suspension>
#1      ProjectRepository.getAll (file:///D:/Flutter%20Projects/Sprintly(saas)/webnox-sprintly-backend-prod/lib/data/repositories/project_repository.dart:171:23)
<asynchronous suspension>
#2      main.<anonymous closure> (file:///D:/Flutter%20Projects/Sprintly(saas)/webnox-sprintly-backend-prod/test/cross_tenant_test.dart:58:24)
<asynchronous suspension>
#3      runWithTenant.<anonymous closure> (file:///D:/Flutter%20Projects/Sprintly(saas)/webnox-sprintly-backend-prod/test/cross_tenant_test.dart:105:17)
<asynchronous suspension>
#4      main (file:///D:/Flutter%20Projects/Sprintly(saas)/webnox-sprintly-backend-prod/test/cross_tenant_test.dart:56:5)
<asynchronous suspension>

